#
# There is insufficient memory for the Java Runtime Environment to continue.
# Native memory allocation (malloc) failed to allocate 1039216 bytes for Chunk::new
# Possible reasons:
#   The system is out of physical RAM or swap space
#   The process is running with CompressedOops enabled, and the Java Heap may be blocking the growth of the native heap
# Possible solutions:
#   Reduce memory load on the system
#   Increase physical memory or swap space
#   Check if swap backing store is full
#   Decrease Java heap size (-Xmx/-Xms)
#   Decrease number of Java threads
#   Decrease Java thread stack sizes (-Xss)
#   Set larger code cache with -XX:ReservedCodeCacheSize=
#   JVM is running with Unscaled Compressed Oops mode in which the Java heap is
#     placed in the first 4GB address space. The Java Heap base address is the
#     maximum limit for the native heap growth. Please use -XX:HeapBaseMinAddress
#     to set the Java Heap base and to place the Java Heap above 4GB virtual address.
# This output file may be truncated or incomplete.
#
#  Out of Memory Error (./open/src/hotspot/share/memory/arena.cpp:197), pid=17624, tid=6724
#
# JRE version: Java(TM) SE Runtime Environment 18.9 (11.0.19+9) (build 11.0.19+9-LTS-224)
# Java VM: Java HotSpot(TM) 64-Bit Server VM 18.9 (11.0.19+9-LTS-224, mixed mode, tiered, compressed oops, g1 gc, windows-amd64)
# No core dump will be written. Minidumps are not enabled by default on client versions of Windows
#

---------------  S U M M A R Y ------------

Command Line: --add-opens=java.base/java.util=ALL-UNNAMED --add-opens=java.base/java.lang=ALL-UNNAMED --add-opens=java.base/java.lang.invoke=ALL-UNNAMED --add-opens=java.prefs/java.util.prefs=ALL-UNNAMED --add-opens=java.base/java.nio.charset=ALL-UNNAMED --add-opens=java.base/java.net=ALL-UNNAMED --add-opens=java.base/java.util.concurrent.atomic=ALL-UNNAMED -Xmx2048m -Dfile.encoding=UTF-8 -Duser.country=US -Duser.language=en -Duser.variant org.gradle.launcher.daemon.bootstrap.GradleDaemon 8.0

Host: 11th Gen Intel(R) Core(TM) i5-11400H @ 2.70GHz, 12 cores, 15G,  Windows 11 , 64 bit Build 22621 (10.0.22621.2506)
Time: Fri Oct 27 21:55:21 2023 Myanmar Standard Time elapsed time: 4.965050 seconds (0d 0h 0m 4s)

---------------  T H R E A D  ---------------

Current thread (0x0000029e91887800):  JavaThread "C2 CompilerThread0" daemon [_thread_in_native, id=6724, stack(0x000000c30fe00000,0x000000c30ff00000)]


Current CompileTask:
C2:   4965 3634       4       jdk.internal.loader.URLClassPath$JarLoader$2::getManifest (26 bytes)

Stack: [0x000000c30fe00000,0x000000c30ff00000]
Native frames: (J=compiled Java code, j=interpreted, Vv=VM code, C=native code)
V  [jvm.dll+0x65fe1a]
V  [jvm.dll+0x7a2bbf]
V  [jvm.dll+0x7a4289]
V  [jvm.dll+0x7a4923]
V  [jvm.dll+0x258a25]
V  [jvm.dll+0xb29cc]
V  [jvm.dll+0xb2f8c]
V  [jvm.dll+0x3670df]
V  [jvm.dll+0x32fdf5]
V  [jvm.dll+0x32f1da]
V  [jvm.dll+0x21172d]
V  [jvm.dll+0x2106f8]
V  [jvm.dll+0x18c841]
V  [jvm.dll+0x220989]
V  [jvm.dll+0x21ecac]
V  [jvm.dll+0x766921]
V  [jvm.dll+0x75f2e4]
V  [jvm.dll+0x65ecc5]
C  [ucrtbase.dll+0x29363]
C  [KERNEL32.DLL+0x1257d]
C  [ntdll.dll+0x5aa58]


---------------  P R O C E S S  ---------------

Threads class SMR info:
_java_thread_list=0x0000029e959c0c90, length=38, elements={
0x0000029ef296f800, 0x0000029e9186b000, 0x0000029e91874000, 0x0000029e91880000,
0x0000029e91883000, 0x0000029e91884800, 0x0000029e91887800, 0x0000029e91889000,
0x0000029e9188a000, 0x0000029e91a37000, 0x0000029e926f5800, 0x0000029e93a37800,
0x0000029e936fc000, 0x0000029e92d8a800, 0x0000029e93940800, 0x0000029e936eb000,
0x0000029e936ec000, 0x0000029e93d2f000, 0x0000029e93a73000, 0x0000029e94048800,
0x0000029e9404f000, 0x0000029e9404b800, 0x0000029e94049000, 0x0000029e9404a000,
0x0000029e9404a800, 0x0000029e9404d000, 0x0000029e9404e000, 0x0000029e9404c800,
0x0000029e9425a800, 0x0000029e94258000, 0x0000029e9425b000, 0x0000029e94259800,
0x0000029e9425c000, 0x0000029e94256800, 0x0000029e94258800, 0x0000029e9425d000,
0x0000029e94257000, 0x0000029e94261000
}

Java Threads: ( => current thread )
  0x0000029ef296f800 JavaThread "main" [_thread_blocked, id=26500, stack(0x000000c30f200000,0x000000c30f300000)]
  0x0000029e9186b000 JavaThread "Reference Handler" daemon [_thread_blocked, id=24648, stack(0x000000c30f900000,0x000000c30fa00000)]
  0x0000029e91874000 JavaThread "Finalizer" daemon [_thread_blocked, id=12428, stack(0x000000c30fa00000,0x000000c30fb00000)]
  0x0000029e91880000 JavaThread "Signal Dispatcher" daemon [_thread_blocked, id=20380, stack(0x000000c30fb00000,0x000000c30fc00000)]
  0x0000029e91883000 JavaThread "Attach Listener" daemon [_thread_blocked, id=2468, stack(0x000000c30fc00000,0x000000c30fd00000)]
  0x0000029e91884800 JavaThread "Service Thread" daemon [_thread_blocked, id=11900, stack(0x000000c30fd00000,0x000000c30fe00000)]
=>0x0000029e91887800 JavaThread "C2 CompilerThread0" daemon [_thread_in_native, id=6724, stack(0x000000c30fe00000,0x000000c30ff00000)]
  0x0000029e91889000 JavaThread "C1 CompilerThread0" daemon [_thread_blocked, id=26808, stack(0x000000c30ff00000,0x000000c310000000)]
  0x0000029e9188a000 JavaThread "Sweeper thread" daemon [_thread_blocked, id=23600, stack(0x000000c310000000,0x000000c310100000)]
  0x0000029e91a37000 JavaThread "Common-Cleaner" daemon [_thread_blocked, id=20940, stack(0x000000c310100000,0x000000c310200000)]
  0x0000029e926f5800 JavaThread "Daemon health stats" [_thread_blocked, id=7444, stack(0x000000c310800000,0x000000c310900000)]
  0x0000029e93a37800 JavaThread "Incoming local TCP Connector on port 64353" [_thread_in_native, id=16960, stack(0x000000c310900000,0x000000c310a00000)]
  0x0000029e936fc000 JavaThread "Daemon periodic checks" [_thread_blocked, id=24728, stack(0x000000c310a00000,0x000000c310b00000)]
  0x0000029e92d8a800 JavaThread "Daemon" [_thread_blocked, id=14900, stack(0x000000c310b00000,0x000000c310c00000)]
  0x0000029e93940800 JavaThread "Handler for socket connection from /127.0.0.1:64353 to /127.0.0.1:64354" [_thread_in_native, id=16516, stack(0x000000c310c00000,0x000000c310d00000)]
  0x0000029e936eb000 JavaThread "Cancel handler" [_thread_blocked, id=25612, stack(0x000000c310d00000,0x000000c310e00000)]
  0x0000029e936ec000 JavaThread "Daemon worker" [_thread_in_vm, id=24612, stack(0x000000c310e00000,0x000000c310f00000)]
  0x0000029e93d2f000 JavaThread "Asynchronous log dispatcher for DefaultDaemonConnection: socket connection from /127.0.0.1:64353 to /127.0.0.1:64354" [_thread_blocked, id=14088, stack(0x000000c310f00000,0x000000c311000000)]
  0x0000029e93a73000 JavaThread "Stdin handler" [_thread_blocked, id=19528, stack(0x000000c311000000,0x000000c311100000)]
  0x0000029e94048800 JavaThread "Daemon client event forwarder" [_thread_blocked, id=14508, stack(0x000000c311100000,0x000000c311200000)]
  0x0000029e9404f000 JavaThread "Cache worker for journal cache (C:\Users\sithu\.gradle\caches\journal-1)" [_thread_blocked, id=23620, stack(0x000000c311800000,0x000000c311900000)]
  0x0000029e9404b800 JavaThread "File lock request listener" [_thread_in_native, id=27160, stack(0x000000c311900000,0x000000c311a00000)]
  0x0000029e94049000 JavaThread "Cache worker for file hash cache (C:\Users\sithu\.gradle\caches\8.0\fileHashes)" [_thread_blocked, id=7760, stack(0x000000c311a00000,0x000000c311b00000)]
  0x0000029e9404a000 JavaThread "File watcher server" daemon [_thread_in_native, id=2660, stack(0x000000c311b00000,0x000000c311c00000)]
  0x0000029e9404a800 JavaThread "File watcher consumer" daemon [_thread_blocked, id=20968, stack(0x000000c311c00000,0x000000c311d00000)]
  0x0000029e9404d000 JavaThread "jar transforms" [_thread_blocked, id=18884, stack(0x000000c311d00000,0x000000c311e00000)]
  0x0000029e9404e000 JavaThread "jar transforms Thread 2" [_thread_blocked, id=24644, stack(0x000000c311e00000,0x000000c311f00000)]
  0x0000029e9404c800 JavaThread "jar transforms Thread 3" [_thread_blocked, id=5708, stack(0x000000c311f00000,0x000000c312000000)]
  0x0000029e9425a800 JavaThread "jar transforms Thread 4" [_thread_blocked, id=7736, stack(0x000000c312000000,0x000000c312100000)]
  0x0000029e94258000 JavaThread "jar transforms Thread 5" [_thread_blocked, id=22184, stack(0x000000c312100000,0x000000c312200000)]
  0x0000029e9425b000 JavaThread "jar transforms Thread 6" [_thread_blocked, id=5348, stack(0x000000c312200000,0x000000c312300000)]
  0x0000029e94259800 JavaThread "Cache worker for checksums cache (C:\Users\sithu\AndroidStudioProjects\CW\MHIke\.gradle\8.0\checksums)" [_thread_blocked, id=12852, stack(0x000000c312300000,0x000000c312400000)]
  0x0000029e9425c000 JavaThread "Cache worker for cache directory md-rule (C:\Users\sithu\.gradle\caches\8.0\md-rule)" [_thread_blocked, id=5176, stack(0x000000c312400000,0x000000c312500000)]
  0x0000029e94256800 JavaThread "Cache worker for file content cache (C:\Users\sithu\.gradle\caches\8.0\fileContent)" [_thread_blocked, id=1260, stack(0x000000c312500000,0x000000c312600000)]
  0x0000029e94258800 JavaThread "Cache worker for file hash cache (C:\Users\sithu\AndroidStudioProjects\CW\MHIke\.gradle\8.0\fileHashes)" [_thread_blocked, id=20496, stack(0x000000c312600000,0x000000c312700000)]
  0x0000029e9425d000 JavaThread "Cache worker for cache directory md-supplier (C:\Users\sithu\.gradle\caches\8.0\md-supplier)" [_thread_blocked, id=22556, stack(0x000000c312700000,0x000000c312800000)]
  0x0000029e94257000 JavaThread "Cache worker for execution history cache (C:\Users\sithu\.gradle\caches\8.0\executionHistory)" [_thread_blocked, id=26888, stack(0x000000c312800000,0x000000c312900000)]
  0x0000029e94261000 JavaThread "Cache worker for kotlin-dsl (C:\Users\sithu\.gradle\caches\8.0\kotlin-dsl)" [_thread_blocked, id=12612, stack(0x000000c312900000,0x000000c312a00000)]

Other Threads:
  0x0000029e91845000 VMThread "VM Thread" [stack: 0x000000c30f800000,0x000000c30f900000] [id=16024]
  0x0000029e91a74000 WatcherThread [stack: 0x000000c310200000,0x000000c310300000] [id=19128]
  0x0000029ef297e800 GCTaskThread "GC Thread#0" [stack: 0x000000c30f300000,0x000000c30f400000] [id=22860]
  0x0000029e92682800 GCTaskThread "GC Thread#1" [stack: 0x000000c310300000,0x000000c310400000] [id=25892]
  0x0000029e923a7000 GCTaskThread "GC Thread#2" [stack: 0x000000c310400000,0x000000c310500000] [id=24676]
  0x0000029e9256a000 GCTaskThread "GC Thread#3" [stack: 0x000000c310500000,0x000000c310600000] [id=11612]
  0x0000029e92564800 GCTaskThread "GC Thread#4" [stack: 0x000000c310600000,0x000000c310700000] [id=10488]
  0x0000029e92565800 GCTaskThread "GC Thread#5" [stack: 0x000000c310700000,0x000000c310800000] [id=18956]
  0x0000029e93efb000 GCTaskThread "GC Thread#6" [stack: 0x000000c311200000,0x000000c311300000] [id=11244]
  0x0000029e93e7f800 GCTaskThread "GC Thread#7" [stack: 0x000000c311300000,0x000000c311400000] [id=9192]
  0x0000029e93eee000 GCTaskThread "GC Thread#8" [stack: 0x000000c311400000,0x000000c311500000] [id=19740]
  0x0000029e93ece800 GCTaskThread "GC Thread#9" [stack: 0x000000c311500000,0x000000c311600000] [id=17480]
  0x0000029ef29b1800 ConcurrentGCThread "G1 Main Marker" [stack: 0x000000c30f400000,0x000000c30f500000] [id=26440]
  0x0000029ef29b3000 ConcurrentGCThread "G1 Conc#0" [stack: 0x000000c30f500000,0x000000c30f600000] [id=4992]
  0x0000029e93fbc800 ConcurrentGCThread "G1 Conc#1" [stack: 0x000000c311600000,0x000000c311700000] [id=3352]
  0x0000029e9241a800 ConcurrentGCThread "G1 Conc#2" [stack: 0x000000c311700000,0x000000c311800000] [id=19668]
  0x0000029ef2a3e800 ConcurrentGCThread "G1 Refine#0" [stack: 0x000000c30f600000,0x000000c30f700000] [id=11148]
  0x0000029effcc2000 ConcurrentGCThread "G1 Young RemSet Sampling" [stack: 0x000000c30f700000,0x000000c30f800000] [id=18864]

Threads with active compile tasks:
C2 CompilerThread0     4982 3634       4       jdk.internal.loader.URLClassPath$JarLoader$2::getManifest (26 bytes)

VM state:not at safepoint (normal execution)

VM Mutex/Monitor currently owned by a thread: None

Heap address: 0x0000000080000000, size: 2048 MB, Compressed Oops mode: 32-bit
Narrow klass base: 0x0000000000000000, Narrow klass shift: 3
Compressed class space size: 1073741824 Address: 0x0000000100000000

Heap:
 garbage-first heap   total 258048K, used 121343K [0x0000000080000000, 0x0000000100000000)
  region size 1024K, 98 young (100352K), 7 survivors (7168K)
 Metaspace       used 45173K, capacity 46402K, committed 46592K, reserved 1089536K
  class space    used 6302K, capacity 6822K, committed 6912K, reserved 1048576K
Heap Regions: E=young(eden), S=young(survivor), O=old, HS=humongous(starts), HC=humongous(continues), CS=collection set, F=free, A=archive, TAMS=top-at-mark-start (previous, next)
|   0|0x0000000080000000, 0x0000000080100000, 0x0000000080100000|100%|HS|  |TAMS 0x0000000080100000, 0x0000000080000000| Complete 
|   1|0x0000000080100000, 0x0000000080200000, 0x0000000080200000|100%|HC|  |TAMS 0x0000000080200000, 0x0000000080100000| Complete 
|   2|0x0000000080200000, 0x0000000080300000, 0x0000000080300000|100%|HC|  |TAMS 0x0000000080300000, 0x0000000080200000| Complete 
|   3|0x0000000080300000, 0x0000000080400000, 0x0000000080400000|100%|HC|  |TAMS 0x0000000080400000, 0x0000000080300000| Complete 
|   4|0x0000000080400000, 0x0000000080500000, 0x0000000080500000|100%| O|  |TAMS 0x0000000080500000, 0x0000000080400000| Untracked 
|   5|0x0000000080500000, 0x0000000080600000, 0x0000000080600000|100%| O|  |TAMS 0x0000000080600000, 0x0000000080500000| Untracked 
|   6|0x0000000080600000, 0x0000000080700000, 0x0000000080700000|100%| O|  |TAMS 0x0000000080700000, 0x0000000080600000| Untracked 
|   7|0x0000000080700000, 0x0000000080800000, 0x0000000080800000|100%| O|  |TAMS 0x0000000080800000, 0x0000000080700000| Untracked 
|   8|0x0000000080800000, 0x0000000080900000, 0x0000000080900000|100%| O|  |TAMS 0x0000000080900000, 0x0000000080800000| Untracked 
|   9|0x0000000080900000, 0x0000000080a00000, 0x0000000080a00000|100%| O|  |TAMS 0x0000000080a00000, 0x0000000080900000| Untracked 
|  10|0x0000000080a00000, 0x0000000080b00000, 0x0000000080b00000|100%| O|  |TAMS 0x0000000080b00000, 0x0000000080a00000| Untracked 
|  11|0x0000000080b00000, 0x0000000080c00000, 0x0000000080c00000|100%| O|  |TAMS 0x0000000080c00000, 0x0000000080b00000| Untracked 
|  12|0x0000000080c00000, 0x0000000080d00000, 0x0000000080d00000|100%| O|  |TAMS 0x0000000080d00000, 0x0000000080c00000| Untracked 
|  13|0x0000000080d00000, 0x0000000080e00000, 0x0000000080e00000|100%| O|  |TAMS 0x0000000080e00000, 0x0000000080d00000| Untracked 
|  14|0x0000000080e00000, 0x0000000080f00000, 0x0000000080f00000|100%| O|  |TAMS 0x0000000080f00000, 0x0000000080e00000| Untracked 
|  15|0x0000000080f00000, 0x0000000081000000, 0x0000000081000000|100%| O|  |TAMS 0x0000000081000000, 0x0000000080f00000| Untracked 
|  16|0x0000000081000000, 0x0000000081100000, 0x0000000081100000|100%| O|  |TAMS 0x0000000081100000, 0x0000000081000000| Untracked 
|  17|0x0000000081100000, 0x000000008112b800, 0x0000000081200000| 16%| O|  |TAMS 0x000000008112b800, 0x0000000081100000| Untracked 
|  18|0x0000000081200000, 0x0000000081300000, 0x0000000081300000|100%|HS|  |TAMS 0x0000000081300000, 0x0000000081200000| Complete 
|  19|0x0000000081300000, 0x0000000081400000, 0x0000000081400000|100%|HC|  |TAMS 0x0000000081400000, 0x0000000081300000| Complete 
|  20|0x0000000081400000, 0x0000000081500000, 0x0000000081500000|100%|HS|  |TAMS 0x0000000081500000, 0x0000000081400000| Complete 
|  21|0x0000000081500000, 0x0000000081600000, 0x0000000081600000|100%|HC|  |TAMS 0x0000000081600000, 0x0000000081500000| Complete 
|  22|0x0000000081600000, 0x0000000081700000, 0x0000000081700000|100%|HC|  |TAMS 0x0000000081700000, 0x0000000081600000| Complete 
|  23|0x0000000081700000, 0x0000000081800000, 0x0000000081800000|100%|HS|  |TAMS 0x0000000081700000, 0x0000000081700000| Complete 
|  24|0x0000000081800000, 0x0000000081800000, 0x0000000081900000|  0%| F|  |TAMS 0x0000000081800000, 0x0000000081800000| Untracked 
|  25|0x0000000081900000, 0x0000000081900000, 0x0000000081a00000|  0%| F|  |TAMS 0x0000000081900000, 0x0000000081900000| Untracked 
|  26|0x0000000081a00000, 0x0000000081a00000, 0x0000000081b00000|  0%| F|  |TAMS 0x0000000081a00000, 0x0000000081a00000| Untracked 
|  27|0x0000000081b00000, 0x0000000081b00000, 0x0000000081c00000|  0%| F|  |TAMS 0x0000000081b00000, 0x0000000081b00000| Untracked 
|  28|0x0000000081c00000, 0x0000000081c00000, 0x0000000081d00000|  0%| F|  |TAMS 0x0000000081c00000, 0x0000000081c00000| Untracked 
|  29|0x0000000081d00000, 0x0000000081d00000, 0x0000000081e00000|  0%| F|  |TAMS 0x0000000081d00000, 0x0000000081d00000| Untracked 
|  30|0x0000000081e00000, 0x0000000081e00000, 0x0000000081f00000|  0%| F|  |TAMS 0x0000000081e00000, 0x0000000081e00000| Untracked 
|  31|0x0000000081f00000, 0x0000000081f00000, 0x0000000082000000|  0%| F|  |TAMS 0x0000000081f00000, 0x0000000081f00000| Untracked 
|  32|0x0000000082000000, 0x0000000082000000, 0x0000000082100000|  0%| F|  |TAMS 0x0000000082000000, 0x0000000082000000| Untracked 
|  33|0x0000000082100000, 0x0000000082100000, 0x0000000082200000|  0%| F|  |TAMS 0x0000000082100000, 0x0000000082100000| Untracked 
|  34|0x0000000082200000, 0x0000000082200000, 0x0000000082300000|  0%| F|  |TAMS 0x0000000082200000, 0x0000000082200000| Untracked 
|  35|0x0000000082300000, 0x0000000082300000, 0x0000000082400000|  0%| F|  |TAMS 0x0000000082300000, 0x0000000082300000| Untracked 
|  36|0x0000000082400000, 0x0000000082400000, 0x0000000082500000|  0%| F|  |TAMS 0x0000000082400000, 0x0000000082400000| Untracked 
|  37|0x0000000082500000, 0x0000000082500000, 0x0000000082600000|  0%| F|  |TAMS 0x0000000082500000, 0x0000000082500000| Untracked 
|  38|0x0000000082600000, 0x0000000082600000, 0x0000000082700000|  0%| F|  |TAMS 0x0000000082600000, 0x0000000082600000| Untracked 
|  39|0x0000000082700000, 0x0000000082700000, 0x0000000082800000|  0%| F|  |TAMS 0x0000000082700000, 0x0000000082700000| Untracked 
|  40|0x0000000082800000, 0x0000000082800000, 0x0000000082900000|  0%| F|  |TAMS 0x0000000082800000, 0x0000000082800000| Untracked 
|  41|0x0000000082900000, 0x0000000082900000, 0x0000000082a00000|  0%| F|  |TAMS 0x0000000082900000, 0x0000000082900000| Untracked 
|  42|0x0000000082a00000, 0x0000000082a00000, 0x0000000082b00000|  0%| F|  |TAMS 0x0000000082a00000, 0x0000000082a00000| Untracked 
|  43|0x0000000082b00000, 0x0000000082b00000, 0x0000000082c00000|  0%| F|  |TAMS 0x0000000082b00000, 0x0000000082b00000| Untracked 
|  44|0x0000000082c00000, 0x0000000082c00000, 0x0000000082d00000|  0%| F|  |TAMS 0x0000000082c00000, 0x0000000082c00000| Untracked 
|  45|0x0000000082d00000, 0x0000000082d00000, 0x0000000082e00000|  0%| F|  |TAMS 0x0000000082d00000, 0x0000000082d00000| Untracked 
|  46|0x0000000082e00000, 0x0000000082e00000, 0x0000000082f00000|  0%| F|  |TAMS 0x0000000082e00000, 0x0000000082e00000| Untracked 
|  47|0x0000000082f00000, 0x0000000082f00000, 0x0000000083000000|  0%| F|  |TAMS 0x0000000082f00000, 0x0000000082f00000| Untracked 
|  48|0x0000000083000000, 0x0000000083000000, 0x0000000083100000|  0%| F|  |TAMS 0x0000000083000000, 0x0000000083000000| Untracked 
|  49|0x0000000083100000, 0x0000000083100000, 0x0000000083200000|  0%| F|  |TAMS 0x0000000083100000, 0x0000000083100000| Untracked 
|  50|0x0000000083200000, 0x0000000083200000, 0x0000000083300000|  0%| F|  |TAMS 0x0000000083200000, 0x0000000083200000| Untracked 
|  51|0x0000000083300000, 0x0000000083300000, 0x0000000083400000|  0%| F|  |TAMS 0x0000000083300000, 0x0000000083300000| Untracked 
|  52|0x0000000083400000, 0x0000000083400000, 0x0000000083500000|  0%| F|  |TAMS 0x0000000083400000, 0x0000000083400000| Untracked 
|  53|0x0000000083500000, 0x0000000083500000, 0x0000000083600000|  0%| F|  |TAMS 0x0000000083500000, 0x0000000083500000| Untracked 
|  54|0x0000000083600000, 0x0000000083600000, 0x0000000083700000|  0%| F|  |TAMS 0x0000000083600000, 0x0000000083600000| Untracked 
|  55|0x0000000083700000, 0x0000000083700000, 0x0000000083800000|  0%| F|  |TAMS 0x0000000083700000, 0x0000000083700000| Untracked 
|  56|0x0000000083800000, 0x0000000083800000, 0x0000000083900000|  0%| F|  |TAMS 0x0000000083800000, 0x0000000083800000| Untracked 
|  57|0x0000000083900000, 0x0000000083900000, 0x0000000083a00000|  0%| F|  |TAMS 0x0000000083900000, 0x0000000083900000| Untracked 
|  58|0x0000000083a00000, 0x0000000083a00000, 0x0000000083b00000|  0%| F|  |TAMS 0x0000000083a00000, 0x0000000083a00000| Untracked 
|  59|0x0000000083b00000, 0x0000000083b00000, 0x0000000083c00000|  0%| F|  |TAMS 0x0000000083b00000, 0x0000000083b00000| Untracked 
|  60|0x0000000083c00000, 0x0000000083c00000, 0x0000000083d00000|  0%| F|  |TAMS 0x0000000083c00000, 0x0000000083c00000| Untracked 
|  61|0x0000000083d00000, 0x0000000083d00000, 0x0000000083e00000|  0%| F|  |TAMS 0x0000000083d00000, 0x0000000083d00000| Untracked 
|  62|0x0000000083e00000, 0x0000000083e00000, 0x0000000083f00000|  0%| F|  |TAMS 0x0000000083e00000, 0x0000000083e00000| Untracked 
|  63|0x0000000083f00000, 0x0000000083f00000, 0x0000000084000000|  0%| F|  |TAMS 0x0000000083f00000, 0x0000000083f00000| Untracked 
|  64|0x0000000084000000, 0x0000000084000000, 0x0000000084100000|  0%| F|  |TAMS 0x0000000084000000, 0x0000000084000000| Untracked 
|  65|0x0000000084100000, 0x0000000084100000, 0x0000000084200000|  0%| F|  |TAMS 0x0000000084100000, 0x0000000084100000| Untracked 
|  66|0x0000000084200000, 0x0000000084200000, 0x0000000084300000|  0%| F|  |TAMS 0x0000000084200000, 0x0000000084200000| Untracked 
|  67|0x0000000084300000, 0x0000000084300000, 0x0000000084400000|  0%| F|  |TAMS 0x0000000084300000, 0x0000000084300000| Untracked 
|  68|0x0000000084400000, 0x0000000084400000, 0x0000000084500000|  0%| F|  |TAMS 0x0000000084400000, 0x0000000084400000| Untracked 
|  69|0x0000000084500000, 0x0000000084500000, 0x0000000084600000|  0%| F|  |TAMS 0x0000000084500000, 0x0000000084500000| Untracked 
|  70|0x0000000084600000, 0x0000000084600000, 0x0000000084700000|  0%| F|  |TAMS 0x0000000084600000, 0x0000000084600000| Untracked 
|  71|0x0000000084700000, 0x0000000084700000, 0x0000000084800000|  0%| F|  |TAMS 0x0000000084700000, 0x0000000084700000| Untracked 
|  72|0x0000000084800000, 0x0000000084800000, 0x0000000084900000|  0%| F|  |TAMS 0x0000000084800000, 0x0000000084800000| Untracked 
|  73|0x0000000084900000, 0x0000000084900000, 0x0000000084a00000|  0%| F|  |TAMS 0x0000000084900000, 0x0000000084900000| Untracked 
|  74|0x0000000084a00000, 0x0000000084a00000, 0x0000000084b00000|  0%| F|  |TAMS 0x0000000084a00000, 0x0000000084a00000| Untracked 
|  75|0x0000000084b00000, 0x0000000084b00000, 0x0000000084c00000|  0%| F|  |TAMS 0x0000000084b00000, 0x0000000084b00000| Untracked 
|  76|0x0000000084c00000, 0x0000000084c00000, 0x0000000084d00000|  0%| F|  |TAMS 0x0000000084c00000, 0x0000000084c00000| Untracked 
|  77|0x0000000084d00000, 0x0000000084d00000, 0x0000000084e00000|  0%| F|  |TAMS 0x0000000084d00000, 0x0000000084d00000| Untracked 
|  78|0x0000000084e00000, 0x0000000084e00000, 0x0000000084f00000|  0%| F|  |TAMS 0x0000000084e00000, 0x0000000084e00000| Untracked 
|  79|0x0000000084f00000, 0x0000000084f00000, 0x0000000085000000|  0%| F|  |TAMS 0x0000000084f00000, 0x0000000084f00000| Untracked 
|  80|0x0000000085000000, 0x0000000085000000, 0x0000000085100000|  0%| F|  |TAMS 0x0000000085000000, 0x0000000085000000| Untracked 
|  81|0x0000000085100000, 0x0000000085100000, 0x0000000085200000|  0%| F|  |TAMS 0x0000000085100000, 0x0000000085100000| Untracked 
|  82|0x0000000085200000, 0x0000000085200000, 0x0000000085300000|  0%| F|  |TAMS 0x0000000085200000, 0x0000000085200000| Untracked 
|  83|0x0000000085300000, 0x0000000085300000, 0x0000000085400000|  0%| F|  |TAMS 0x0000000085300000, 0x0000000085300000| Untracked 
|  84|0x0000000085400000, 0x0000000085400000, 0x0000000085500000|  0%| F|  |TAMS 0x0000000085400000, 0x0000000085400000| Untracked 
|  85|0x0000000085500000, 0x0000000085500000, 0x0000000085600000|  0%| F|  |TAMS 0x0000000085500000, 0x0000000085500000| Untracked 
|  86|0x0000000085600000, 0x0000000085600000, 0x0000000085700000|  0%| F|  |TAMS 0x0000000085600000, 0x0000000085600000| Untracked 
|  87|0x0000000085700000, 0x0000000085700000, 0x0000000085800000|  0%| F|  |TAMS 0x0000000085700000, 0x0000000085700000| Untracked 
|  88|0x0000000085800000, 0x0000000085800000, 0x0000000085900000|  0%| F|  |TAMS 0x0000000085800000, 0x0000000085800000| Untracked 
|  89|0x0000000085900000, 0x0000000085900000, 0x0000000085a00000|  0%| F|  |TAMS 0x0000000085900000, 0x0000000085900000| Untracked 
|  90|0x0000000085a00000, 0x0000000085a00000, 0x0000000085b00000|  0%| F|  |TAMS 0x0000000085a00000, 0x0000000085a00000| Untracked 
|  91|0x0000000085b00000, 0x0000000085b00000, 0x0000000085c00000|  0%| F|  |TAMS 0x0000000085b00000, 0x0000000085b00000| Untracked 
|  92|0x0000000085c00000, 0x0000000085c00000, 0x0000000085d00000|  0%| F|  |TAMS 0x0000000085c00000, 0x0000000085c00000| Untracked 
|  93|0x0000000085d00000, 0x0000000085d00000, 0x0000000085e00000|  0%| F|  |TAMS 0x0000000085d00000, 0x0000000085d00000| Untracked 
|  94|0x0000000085e00000, 0x0000000085e00000, 0x0000000085f00000|  0%| F|  |TAMS 0x0000000085e00000, 0x0000000085e00000| Untracked 
|  95|0x0000000085f00000, 0x0000000085f00000, 0x0000000086000000|  0%| F|  |TAMS 0x0000000085f00000, 0x0000000085f00000| Untracked 
|  96|0x0000000086000000, 0x0000000086000000, 0x0000000086100000|  0%| F|  |TAMS 0x0000000086000000, 0x0000000086000000| Untracked 
|  97|0x0000000086100000, 0x0000000086100000, 0x0000000086200000|  0%| F|  |TAMS 0x0000000086100000, 0x0000000086100000| Untracked 
|  98|0x0000000086200000, 0x0000000086200000, 0x0000000086300000|  0%| F|  |TAMS 0x0000000086200000, 0x0000000086200000| Untracked 
|  99|0x0000000086300000, 0x0000000086300000, 0x0000000086400000|  0%| F|  |TAMS 0x0000000086300000, 0x0000000086300000| Untracked 
| 100|0x0000000086400000, 0x0000000086400000, 0x0000000086500000|  0%| F|  |TAMS 0x0000000086400000, 0x0000000086400000| Untracked 
| 101|0x0000000086500000, 0x0000000086500000, 0x0000000086600000|  0%| F|  |TAMS 0x0000000086500000, 0x0000000086500000| Untracked 
| 102|0x0000000086600000, 0x0000000086600000, 0x0000000086700000|  0%| F|  |TAMS 0x0000000086600000, 0x0000000086600000| Untracked 
| 103|0x0000000086700000, 0x0000000086700000, 0x0000000086800000|  0%| F|  |TAMS 0x0000000086700000, 0x0000000086700000| Untracked 
| 104|0x0000000086800000, 0x0000000086800000, 0x0000000086900000|  0%| F|  |TAMS 0x0000000086800000, 0x0000000086800000| Untracked 
| 105|0x0000000086900000, 0x0000000086900000, 0x0000000086a00000|  0%| F|  |TAMS 0x0000000086900000, 0x0000000086900000| Untracked 
| 106|0x0000000086a00000, 0x0000000086a00000, 0x0000000086b00000|  0%| F|  |TAMS 0x0000000086a00000, 0x0000000086a00000| Untracked 
| 107|0x0000000086b00000, 0x0000000086b00000, 0x0000000086c00000|  0%| F|  |TAMS 0x0000000086b00000, 0x0000000086b00000| Untracked 
| 108|0x0000000086c00000, 0x0000000086c00000, 0x0000000086d00000|  0%| F|  |TAMS 0x0000000086c00000, 0x0000000086c00000| Untracked 
| 109|0x0000000086d00000, 0x0000000086d00000, 0x0000000086e00000|  0%| F|  |TAMS 0x0000000086d00000, 0x0000000086d00000| Untracked 
| 110|0x0000000086e00000, 0x0000000086e00000, 0x0000000086f00000|  0%| F|  |TAMS 0x0000000086e00000, 0x0000000086e00000| Untracked 
| 111|0x0000000086f00000, 0x0000000086f00000, 0x0000000087000000|  0%| F|  |TAMS 0x0000000086f00000, 0x0000000086f00000| Untracked 
| 112|0x0000000087000000, 0x0000000087000000, 0x0000000087100000|  0%| F|  |TAMS 0x0000000087000000, 0x0000000087000000| Untracked 
| 113|0x0000000087100000, 0x0000000087100000, 0x0000000087200000|  0%| F|  |TAMS 0x0000000087100000, 0x0000000087100000| Untracked 
| 114|0x0000000087200000, 0x0000000087200000, 0x0000000087300000|  0%| F|  |TAMS 0x0000000087200000, 0x0000000087200000| Untracked 
| 115|0x0000000087300000, 0x0000000087300000, 0x0000000087400000|  0%| F|  |TAMS 0x0000000087300000, 0x0000000087300000| Untracked 
| 116|0x0000000087400000, 0x0000000087400000, 0x0000000087500000|  0%| F|  |TAMS 0x0000000087400000, 0x0000000087400000| Untracked 
| 117|0x0000000087500000, 0x0000000087500000, 0x0000000087600000|  0%| F|  |TAMS 0x0000000087500000, 0x0000000087500000| Untracked 
| 118|0x0000000087600000, 0x0000000087600000, 0x0000000087700000|  0%| F|  |TAMS 0x0000000087600000, 0x0000000087600000| Untracked 
| 119|0x0000000087700000, 0x0000000087700000, 0x0000000087800000|  0%| F|  |TAMS 0x0000000087700000, 0x0000000087700000| Untracked 
| 120|0x0000000087800000, 0x0000000087800000, 0x0000000087900000|  0%| F|  |TAMS 0x0000000087800000, 0x0000000087800000| Untracked 
| 121|0x0000000087900000, 0x0000000087900000, 0x0000000087a00000|  0%| F|  |TAMS 0x0000000087900000, 0x0000000087900000| Untracked 
| 122|0x0000000087a00000, 0x0000000087a00000, 0x0000000087b00000|  0%| F|  |TAMS 0x0000000087a00000, 0x0000000087a00000| Untracked 
| 123|0x0000000087b00000, 0x0000000087b00000, 0x0000000087c00000|  0%| F|  |TAMS 0x0000000087b00000, 0x0000000087b00000| Untracked 
| 124|0x0000000087c00000, 0x0000000087c00000, 0x0000000087d00000|  0%| F|  |TAMS 0x0000000087c00000, 0x0000000087c00000| Untracked 
| 125|0x0000000087d00000, 0x0000000087d00000, 0x0000000087e00000|  0%| F|  |TAMS 0x0000000087d00000, 0x0000000087d00000| Untracked 
| 126|0x0000000087e00000, 0x0000000087e00000, 0x0000000087f00000|  0%| F|  |TAMS 0x0000000087e00000, 0x0000000087e00000| Untracked 
| 127|0x0000000087f00000, 0x0000000087f00000, 0x0000000088000000|  0%| F|  |TAMS 0x0000000087f00000, 0x0000000087f00000| Untracked 
| 128|0x0000000088000000, 0x0000000088000000, 0x0000000088100000|  0%| F|  |TAMS 0x0000000088000000, 0x0000000088000000| Untracked 
| 129|0x0000000088100000, 0x0000000088100000, 0x0000000088200000|  0%| F|  |TAMS 0x0000000088100000, 0x0000000088100000| Untracked 
| 130|0x0000000088200000, 0x0000000088200000, 0x0000000088300000|  0%| F|  |TAMS 0x0000000088200000, 0x0000000088200000| Untracked 
| 131|0x0000000088300000, 0x0000000088300000, 0x0000000088400000|  0%| F|  |TAMS 0x0000000088300000, 0x0000000088300000| Untracked 
| 132|0x0000000088400000, 0x0000000088400000, 0x0000000088500000|  0%| F|  |TAMS 0x0000000088400000, 0x0000000088400000| Untracked 
| 133|0x0000000088500000, 0x0000000088500000, 0x0000000088600000|  0%| F|  |TAMS 0x0000000088500000, 0x0000000088500000| Untracked 
| 134|0x0000000088600000, 0x0000000088600000, 0x0000000088700000|  0%| F|  |TAMS 0x0000000088600000, 0x0000000088600000| Untracked 
| 135|0x0000000088700000, 0x0000000088700000, 0x0000000088800000|  0%| F|  |TAMS 0x0000000088700000, 0x0000000088700000| Untracked 
| 136|0x0000000088800000, 0x0000000088800000, 0x0000000088900000|  0%| F|  |TAMS 0x0000000088800000, 0x0000000088800000| Untracked 
| 137|0x0000000088900000, 0x0000000088900000, 0x0000000088a00000|  0%| F|  |TAMS 0x0000000088900000, 0x0000000088900000| Untracked 
| 138|0x0000000088a00000, 0x0000000088a00000, 0x0000000088b00000|  0%| F|  |TAMS 0x0000000088a00000, 0x0000000088a00000| Untracked 
| 139|0x0000000088b00000, 0x0000000088b00000, 0x0000000088c00000|  0%| F|  |TAMS 0x0000000088b00000, 0x0000000088b00000| Untracked 
| 140|0x0000000088c00000, 0x0000000088c00000, 0x0000000088d00000|  0%| F|  |TAMS 0x0000000088c00000, 0x0000000088c00000| Untracked 
| 141|0x0000000088d00000, 0x0000000088d00000, 0x0000000088e00000|  0%| F|  |TAMS 0x0000000088d00000, 0x0000000088d00000| Untracked 
| 142|0x0000000088e00000, 0x0000000088e00000, 0x0000000088f00000|  0%| F|  |TAMS 0x0000000088e00000, 0x0000000088e00000| Untracked 
| 143|0x0000000088f00000, 0x0000000088f00000, 0x0000000089000000|  0%| F|  |TAMS 0x0000000088f00000, 0x0000000088f00000| Untracked 
| 144|0x0000000089000000, 0x0000000089000000, 0x0000000089100000|  0%| F|  |TAMS 0x0000000089000000, 0x0000000089000000| Untracked 
| 145|0x0000000089100000, 0x0000000089100000, 0x0000000089200000|  0%| F|  |TAMS 0x0000000089100000, 0x0000000089100000| Untracked 
| 146|0x0000000089200000, 0x0000000089200000, 0x0000000089300000|  0%| F|  |TAMS 0x0000000089200000, 0x0000000089200000| Untracked 
| 147|0x0000000089300000, 0x0000000089300000, 0x0000000089400000|  0%| F|  |TAMS 0x0000000089300000, 0x0000000089300000| Untracked 
| 148|0x0000000089400000, 0x0000000089400000, 0x0000000089500000|  0%| F|  |TAMS 0x0000000089400000, 0x0000000089400000| Untracked 
| 149|0x0000000089500000, 0x0000000089500000, 0x0000000089600000|  0%| F|  |TAMS 0x0000000089500000, 0x0000000089500000| Untracked 
| 150|0x0000000089600000, 0x0000000089600000, 0x0000000089700000|  0%| F|  |TAMS 0x0000000089600000, 0x0000000089600000| Untracked 
| 151|0x0000000089700000, 0x0000000089700000, 0x0000000089800000|  0%| F|  |TAMS 0x0000000089700000, 0x0000000089700000| Untracked 
| 152|0x0000000089800000, 0x0000000089800000, 0x0000000089900000|  0%| F|  |TAMS 0x0000000089800000, 0x0000000089800000| Untracked 
| 153|0x0000000089900000, 0x0000000089980800, 0x0000000089a00000| 50%| E|  |TAMS 0x0000000089900000, 0x0000000089900000| Complete 
| 154|0x0000000089a00000, 0x0000000089b00000, 0x0000000089b00000|100%| E|CS|TAMS 0x0000000089a00000, 0x0000000089a00000| Complete 
| 155|0x0000000089b00000, 0x0000000089c00000, 0x0000000089c00000|100%| E|CS|TAMS 0x0000000089b00000, 0x0000000089b00000| Complete 
| 156|0x0000000089c00000, 0x0000000089c54600, 0x0000000089d00000| 32%| S|CS|TAMS 0x0000000089c00000, 0x0000000089c00000| Complete 
| 157|0x0000000089d00000, 0x0000000089e00000, 0x0000000089e00000|100%| S|CS|TAMS 0x0000000089d00000, 0x0000000089d00000| Complete 
| 158|0x0000000089e00000, 0x0000000089f00000, 0x0000000089f00000|100%| S|CS|TAMS 0x0000000089e00000, 0x0000000089e00000| Complete 
| 159|0x0000000089f00000, 0x000000008a000000, 0x000000008a000000|100%| S|CS|TAMS 0x0000000089f00000, 0x0000000089f00000| Complete 
| 160|0x000000008a000000, 0x000000008a100000, 0x000000008a100000|100%| S|CS|TAMS 0x000000008a000000, 0x000000008a000000| Complete 
| 161|0x000000008a100000, 0x000000008a200000, 0x000000008a200000|100%| S|CS|TAMS 0x000000008a100000, 0x000000008a100000| Complete 
| 162|0x000000008a200000, 0x000000008a300000, 0x000000008a300000|100%| S|CS|TAMS 0x000000008a200000, 0x000000008a200000| Complete 
| 163|0x000000008a300000, 0x000000008a400000, 0x000000008a400000|100%| E|CS|TAMS 0x000000008a300000, 0x000000008a300000| Complete 
| 164|0x000000008a400000, 0x000000008a500000, 0x000000008a500000|100%| E|CS|TAMS 0x000000008a400000, 0x000000008a400000| Complete 
| 165|0x000000008a500000, 0x000000008a600000, 0x000000008a600000|100%| E|CS|TAMS 0x000000008a500000, 0x000000008a500000| Complete 
| 166|0x000000008a600000, 0x000000008a700000, 0x000000008a700000|100%| E|CS|TAMS 0x000000008a600000, 0x000000008a600000| Complete 
| 167|0x000000008a700000, 0x000000008a800000, 0x000000008a800000|100%| E|CS|TAMS 0x000000008a700000, 0x000000008a700000| Complete 
| 168|0x000000008a800000, 0x000000008a900000, 0x000000008a900000|100%| E|CS|TAMS 0x000000008a800000, 0x000000008a800000| Complete 
| 169|0x000000008a900000, 0x000000008aa00000, 0x000000008aa00000|100%| E|CS|TAMS 0x000000008a900000, 0x000000008a900000| Complete 
| 170|0x000000008aa00000, 0x000000008ab00000, 0x000000008ab00000|100%| E|CS|TAMS 0x000000008aa00000, 0x000000008aa00000| Complete 
| 171|0x000000008ab00000, 0x000000008ac00000, 0x000000008ac00000|100%| E|CS|TAMS 0x000000008ab00000, 0x000000008ab00000| Complete 
| 172|0x000000008ac00000, 0x000000008ad00000, 0x000000008ad00000|100%| E|CS|TAMS 0x000000008ac00000, 0x000000008ac00000| Complete 
| 173|0x000000008ad00000, 0x000000008ae00000, 0x000000008ae00000|100%| E|CS|TAMS 0x000000008ad00000, 0x000000008ad00000| Complete 
| 174|0x000000008ae00000, 0x000000008af00000, 0x000000008af00000|100%| E|CS|TAMS 0x000000008ae00000, 0x000000008ae00000| Complete 
| 175|0x000000008af00000, 0x000000008b000000, 0x000000008b000000|100%| E|CS|TAMS 0x000000008af00000, 0x000000008af00000| Complete 
| 176|0x000000008b000000, 0x000000008b100000, 0x000000008b100000|100%| E|CS|TAMS 0x000000008b000000, 0x000000008b000000| Complete 
| 177|0x000000008b100000, 0x000000008b200000, 0x000000008b200000|100%| E|CS|TAMS 0x000000008b100000, 0x000000008b100000| Complete 
| 178|0x000000008b200000, 0x000000008b300000, 0x000000008b300000|100%| E|CS|TAMS 0x000000008b200000, 0x000000008b200000| Complete 
| 179|0x000000008b300000, 0x000000008b400000, 0x000000008b400000|100%| E|CS|TAMS 0x000000008b300000, 0x000000008b300000| Complete 
| 180|0x000000008b400000, 0x000000008b500000, 0x000000008b500000|100%| E|CS|TAMS 0x000000008b400000, 0x000000008b400000| Complete 
| 181|0x000000008b500000, 0x000000008b600000, 0x000000008b600000|100%| E|CS|TAMS 0x000000008b500000, 0x000000008b500000| Complete 
| 182|0x000000008b600000, 0x000000008b700000, 0x000000008b700000|100%| E|CS|TAMS 0x000000008b600000, 0x000000008b600000| Complete 
| 183|0x000000008b700000, 0x000000008b800000, 0x000000008b800000|100%| E|CS|TAMS 0x000000008b700000, 0x000000008b700000| Complete 
| 184|0x000000008b800000, 0x000000008b900000, 0x000000008b900000|100%| E|CS|TAMS 0x000000008b800000, 0x000000008b800000| Complete 
| 185|0x000000008b900000, 0x000000008ba00000, 0x000000008ba00000|100%| E|CS|TAMS 0x000000008b900000, 0x000000008b900000| Complete 
| 186|0x000000008ba00000, 0x000000008bb00000, 0x000000008bb00000|100%| E|CS|TAMS 0x000000008ba00000, 0x000000008ba00000| Complete 
| 187|0x000000008bb00000, 0x000000008bc00000, 0x000000008bc00000|100%| E|CS|TAMS 0x000000008bb00000, 0x000000008bb00000| Complete 
| 188|0x000000008bc00000, 0x000000008bd00000, 0x000000008bd00000|100%| E|CS|TAMS 0x000000008bc00000, 0x000000008bc00000| Complete 
| 189|0x000000008bd00000, 0x000000008be00000, 0x000000008be00000|100%| E|CS|TAMS 0x000000008bd00000, 0x000000008bd00000| Complete 
| 190|0x000000008be00000, 0x000000008bf00000, 0x000000008bf00000|100%| E|CS|TAMS 0x000000008be00000, 0x000000008be00000| Complete 
| 191|0x000000008bf00000, 0x000000008c000000, 0x000000008c000000|100%| E|CS|TAMS 0x000000008bf00000, 0x000000008bf00000| Complete 
| 192|0x000000008c000000, 0x000000008c100000, 0x000000008c100000|100%| E|CS|TAMS 0x000000008c000000, 0x000000008c000000| Complete 
| 193|0x000000008c100000, 0x000000008c200000, 0x000000008c200000|100%| E|CS|TAMS 0x000000008c100000, 0x000000008c100000| Complete 
| 194|0x000000008c200000, 0x000000008c300000, 0x000000008c300000|100%| E|CS|TAMS 0x000000008c200000, 0x000000008c200000| Complete 
| 195|0x000000008c300000, 0x000000008c400000, 0x000000008c400000|100%| E|CS|TAMS 0x000000008c300000, 0x000000008c300000| Complete 
| 196|0x000000008c400000, 0x000000008c500000, 0x000000008c500000|100%| E|CS|TAMS 0x000000008c400000, 0x000000008c400000| Complete 
| 197|0x000000008c500000, 0x000000008c600000, 0x000000008c600000|100%| E|CS|TAMS 0x000000008c500000, 0x000000008c500000| Complete 
| 198|0x000000008c600000, 0x000000008c700000, 0x000000008c700000|100%| E|CS|TAMS 0x000000008c600000, 0x000000008c600000| Complete 
| 199|0x000000008c700000, 0x000000008c800000, 0x000000008c800000|100%| E|CS|TAMS 0x000000008c700000, 0x000000008c700000| Complete 
| 200|0x000000008c800000, 0x000000008c900000, 0x000000008c900000|100%| E|CS|TAMS 0x000000008c800000, 0x000000008c800000| Complete 
| 201|0x000000008c900000, 0x000000008ca00000, 0x000000008ca00000|100%| E|CS|TAMS 0x000000008c900000, 0x000000008c900000| Complete 
| 202|0x000000008ca00000, 0x000000008cb00000, 0x000000008cb00000|100%| E|CS|TAMS 0x000000008ca00000, 0x000000008ca00000| Complete 
| 203|0x000000008cb00000, 0x000000008cc00000, 0x000000008cc00000|100%| E|CS|TAMS 0x000000008cb00000, 0x000000008cb00000| Complete 
| 204|0x000000008cc00000, 0x000000008cd00000, 0x000000008cd00000|100%| E|CS|TAMS 0x000000008cc00000, 0x000000008cc00000| Complete 
| 205|0x000000008cd00000, 0x000000008ce00000, 0x000000008ce00000|100%| E|CS|TAMS 0x000000008cd00000, 0x000000008cd00000| Complete 
| 206|0x000000008ce00000, 0x000000008cf00000, 0x000000008cf00000|100%| E|CS|TAMS 0x000000008ce00000, 0x000000008ce00000| Complete 
| 207|0x000000008cf00000, 0x000000008d000000, 0x000000008d000000|100%| E|CS|TAMS 0x000000008cf00000, 0x000000008cf00000| Complete 
| 208|0x000000008d000000, 0x000000008d100000, 0x000000008d100000|100%| E|CS|TAMS 0x000000008d000000, 0x000000008d000000| Complete 
| 209|0x000000008d100000, 0x000000008d200000, 0x000000008d200000|100%| E|CS|TAMS 0x000000008d100000, 0x000000008d100000| Complete 
| 210|0x000000008d200000, 0x000000008d300000, 0x000000008d300000|100%| E|CS|TAMS 0x000000008d200000, 0x000000008d200000| Complete 
| 211|0x000000008d300000, 0x000000008d400000, 0x000000008d400000|100%| E|CS|TAMS 0x000000008d300000, 0x000000008d300000| Complete 
| 212|0x000000008d400000, 0x000000008d500000, 0x000000008d500000|100%| E|CS|TAMS 0x000000008d400000, 0x000000008d400000| Complete 
| 213|0x000000008d500000, 0x000000008d600000, 0x000000008d600000|100%| E|CS|TAMS 0x000000008d500000, 0x000000008d500000| Complete 
| 214|0x000000008d600000, 0x000000008d700000, 0x000000008d700000|100%| E|CS|TAMS 0x000000008d600000, 0x000000008d600000| Complete 
| 215|0x000000008d700000, 0x000000008d800000, 0x000000008d800000|100%| E|CS|TAMS 0x000000008d700000, 0x000000008d700000| Complete 
| 216|0x000000008d800000, 0x000000008d900000, 0x000000008d900000|100%| E|CS|TAMS 0x000000008d800000, 0x000000008d800000| Complete 
| 217|0x000000008d900000, 0x000000008da00000, 0x000000008da00000|100%| E|CS|TAMS 0x000000008d900000, 0x000000008d900000| Complete 
| 218|0x000000008da00000, 0x000000008db00000, 0x000000008db00000|100%| E|CS|TAMS 0x000000008da00000, 0x000000008da00000| Complete 
| 219|0x000000008db00000, 0x000000008dc00000, 0x000000008dc00000|100%| E|CS|TAMS 0x000000008db00000, 0x000000008db00000| Complete 
| 220|0x000000008dc00000, 0x000000008dd00000, 0x000000008dd00000|100%| E|CS|TAMS 0x000000008dc00000, 0x000000008dc00000| Complete 
| 221|0x000000008dd00000, 0x000000008de00000, 0x000000008de00000|100%| E|CS|TAMS 0x000000008dd00000, 0x000000008dd00000| Complete 
| 222|0x000000008de00000, 0x000000008df00000, 0x000000008df00000|100%| E|CS|TAMS 0x000000008de00000, 0x000000008de00000| Complete 
| 223|0x000000008df00000, 0x000000008e000000, 0x000000008e000000|100%| E|CS|TAMS 0x000000008df00000, 0x000000008df00000| Complete 
| 224|0x000000008e000000, 0x000000008e100000, 0x000000008e100000|100%| E|CS|TAMS 0x000000008e000000, 0x000000008e000000| Complete 
| 225|0x000000008e100000, 0x000000008e200000, 0x000000008e200000|100%| E|CS|TAMS 0x000000008e100000, 0x000000008e100000| Complete 
| 226|0x000000008e200000, 0x000000008e300000, 0x000000008e300000|100%| E|CS|TAMS 0x000000008e200000, 0x000000008e200000| Complete 
| 227|0x000000008e300000, 0x000000008e400000, 0x000000008e400000|100%| E|CS|TAMS 0x000000008e300000, 0x000000008e300000| Complete 
| 228|0x000000008e400000, 0x000000008e500000, 0x000000008e500000|100%| E|CS|TAMS 0x000000008e400000, 0x000000008e400000| Complete 
| 229|0x000000008e500000, 0x000000008e600000, 0x000000008e600000|100%| E|CS|TAMS 0x000000008e500000, 0x000000008e500000| Complete 
| 230|0x000000008e600000, 0x000000008e700000, 0x000000008e700000|100%| E|CS|TAMS 0x000000008e600000, 0x000000008e600000| Complete 
| 231|0x000000008e700000, 0x000000008e800000, 0x000000008e800000|100%| E|CS|TAMS 0x000000008e700000, 0x000000008e700000| Complete 
| 232|0x000000008e800000, 0x000000008e900000, 0x000000008e900000|100%| E|CS|TAMS 0x000000008e800000, 0x000000008e800000| Complete 
| 233|0x000000008e900000, 0x000000008ea00000, 0x000000008ea00000|100%| E|CS|TAMS 0x000000008e900000, 0x000000008e900000| Complete 
| 234|0x000000008ea00000, 0x000000008eb00000, 0x000000008eb00000|100%| E|CS|TAMS 0x000000008ea00000, 0x000000008ea00000| Complete 
| 235|0x000000008eb00000, 0x000000008ec00000, 0x000000008ec00000|100%| E|CS|TAMS 0x000000008eb00000, 0x000000008eb00000| Complete 
| 236|0x000000008ec00000, 0x000000008ed00000, 0x000000008ed00000|100%| E|CS|TAMS 0x000000008ec00000, 0x000000008ec00000| Complete 
| 237|0x000000008ed00000, 0x000000008ee00000, 0x000000008ee00000|100%| E|CS|TAMS 0x000000008ed00000, 0x000000008ed00000| Complete 
| 238|0x000000008ee00000, 0x000000008ef00000, 0x000000008ef00000|100%| E|CS|TAMS 0x000000008ee00000, 0x000000008ee00000| Complete 
| 239|0x000000008ef00000, 0x000000008f000000, 0x000000008f000000|100%| E|CS|TAMS 0x000000008ef00000, 0x000000008ef00000| Complete 
| 240|0x000000008f000000, 0x000000008f100000, 0x000000008f100000|100%| E|CS|TAMS 0x000000008f000000, 0x000000008f000000| Complete 
| 241|0x000000008f100000, 0x000000008f200000, 0x000000008f200000|100%| E|CS|TAMS 0x000000008f100000, 0x000000008f100000| Complete 
| 242|0x000000008f200000, 0x000000008f300000, 0x000000008f300000|100%| E|CS|TAMS 0x000000008f200000, 0x000000008f200000| Complete 
| 243|0x000000008f300000, 0x000000008f400000, 0x000000008f400000|100%| E|  |TAMS 0x000000008f300000, 0x000000008f300000| Complete 
| 244|0x000000008f400000, 0x000000008f500000, 0x000000008f500000|100%| E|CS|TAMS 0x000000008f400000, 0x000000008f400000| Complete 
| 245|0x000000008f500000, 0x000000008f600000, 0x000000008f600000|100%| E|CS|TAMS 0x000000008f500000, 0x000000008f500000| Complete 
| 246|0x000000008f600000, 0x000000008f700000, 0x000000008f700000|100%| E|CS|TAMS 0x000000008f600000, 0x000000008f600000| Complete 
| 247|0x000000008f700000, 0x000000008f800000, 0x000000008f800000|100%| E|CS|TAMS 0x000000008f700000, 0x000000008f700000| Complete 
| 248|0x000000008f800000, 0x000000008f900000, 0x000000008f900000|100%| E|CS|TAMS 0x000000008f800000, 0x000000008f800000| Complete 
| 249|0x000000008f900000, 0x000000008fa00000, 0x000000008fa00000|100%| E|CS|TAMS 0x000000008f900000, 0x000000008f900000| Complete 
| 250|0x000000008fa00000, 0x000000008fb00000, 0x000000008fb00000|100%| E|CS|TAMS 0x000000008fa00000, 0x000000008fa00000| Complete 
| 251|0x000000008fb00000, 0x000000008fc00000, 0x000000008fc00000|100%| E|CS|TAMS 0x000000008fb00000, 0x000000008fb00000| Complete 

Card table byte_map: [0x0000029efa990000,0x0000029efad90000] _byte_map_base: 0x0000029efa590000

Marking Bits (Prev, Next): (CMBitMap*) 0x0000029ef29a7b98, (CMBitMap*) 0x0000029ef29a7bd0
 Prev Bits: [0x0000029efb190000, 0x0000029efd190000)
 Next Bits: [0x0000029efd190000, 0x0000029eff190000)

Polling page: 0x0000029ef08c0000

Metaspace:

Usage:
  Non-class:     38.65 MB capacity,    37.99 MB ( 98%) used,   557.55 KB (  1%) free+waste,   121.38 KB ( <1%) overhead. 
      Class:      6.66 MB capacity,     6.16 MB ( 92%) used,   448.58 KB (  7%) free+waste,    63.56 KB ( <1%) overhead. 
       Both:     45.31 MB capacity,    44.15 MB ( 97%) used,  1006.12 KB (  2%) free+waste,   184.94 KB ( <1%) overhead. 

Virtual space:
  Non-class space:       40.00 MB reserved,      38.75 MB ( 97%) committed 
      Class space:        1.00 GB reserved,       6.75 MB ( <1%) committed 
             Both:        1.04 GB reserved,      45.50 MB (  4%) committed 

Chunk freelists:
   Non-Class:  4.50 KB
       Class:  3.25 KB
        Both:  7.75 KB

CodeHeap 'non-profiled nmethods': size=120000Kb used=1723Kb max_used=1723Kb free=118276Kb
 bounds [0x0000029e87ad0000, 0x0000029e87d40000, 0x0000029e8f000000]
CodeHeap 'profiled nmethods': size=120000Kb used=7499Kb max_used=7499Kb free=112500Kb
 bounds [0x0000029e805a0000, 0x0000029e80d00000, 0x0000029e87ad0000]
CodeHeap 'non-nmethods': size=5760Kb used=1544Kb max_used=1564Kb free=4216Kb
 bounds [0x0000029e80000000, 0x0000029e80270000, 0x0000029e805a0000]
 total_blobs=4268 nmethods=3614 adapters=564
 compilation: enabled
              stopped_count=0, restarted_count=0
 full_count=0

Compilation events (10 events):
Event: 4.926 Thread 0x0000029e91887800 3632       4       com.google.common.collect.AbstractIndexedListIterator::hasNext (17 bytes)
Event: 4.926 Thread 0x0000029e91889000 nmethod 3630 0x0000029e80cf1890 code [0x0000029e80cf1a40, 0x0000029e80cf1c08]
Event: 4.926 Thread 0x0000029e91889000 3629       3       com.google.common.collect.RegularImmutableMap$Values::get (15 bytes)
Event: 4.926 Thread 0x0000029e91889000 nmethod 3629 0x0000029e80cf1d10 code [0x0000029e80cf1ec0, 0x0000029e80cf20a8]
Event: 4.926 Thread 0x0000029e91889000 3631       3       kotlin.collections.CollectionsKt___CollectionsKt::first (33 bytes)
Event: 4.926 Thread 0x0000029e91887800 nmethod 3632 0x0000029e87c7e990 code [0x0000029e87c7eb00, 0x0000029e87c7eb78]
Event: 4.926 Thread 0x0000029e91889000 nmethod 3631 0x0000029e80cf2210 code [0x0000029e80cf2440, 0x0000029e80cf2b48]
Event: 4.934 Thread 0x0000029e91889000 3633       1       java.util.zip.ZipEntry::getName (5 bytes)
Event: 4.934 Thread 0x0000029e91889000 nmethod 3633 0x0000029e87c7ec10 code [0x0000029e87c7eda0, 0x0000029e87c7ee58]
Event: 4.936 Thread 0x0000029e91887800 3634       4       jdk.internal.loader.URLClassPath$JarLoader$2::getManifest (26 bytes)

GC Heap History (8 events):
Event: 0.344 GC heap before
{Heap before GC invocations=0 (full 0):
 garbage-first heap   total 258048K, used 28672K [0x0000000080000000, 0x0000000100000000)
  region size 1024K, 24 young (24576K), 0 survivors (0K)
 Metaspace       used 9624K, capacity 9831K, committed 10112K, reserved 1058816K
  class space    used 1005K, capacity 1069K, committed 1152K, reserved 1048576K
}
Event: 0.347 GC heap after
{Heap after GC invocations=1 (full 0):
 garbage-first heap   total 258048K, used 10288K [0x0000000080000000, 0x0000000100000000)
  region size 1024K, 3 young (3072K), 3 survivors (3072K)
 Metaspace       used 9624K, capacity 9831K, committed 10112K, reserved 1058816K
  class space    used 1005K, capacity 1069K, committed 1152K, reserved 1048576K
}
Event: 2.940 GC heap before
{Heap before GC invocations=1 (full 0):
 garbage-first heap   total 258048K, used 100400K [0x0000000080000000, 0x0000000100000000)
  region size 1024K, 92 young (94208K), 3 survivors (3072K)
 Metaspace       used 20669K, capacity 21091K, committed 21248K, reserved 1067008K
  class space    used 2515K, capacity 2697K, committed 2816K, reserved 1048576K
}
Event: 2.945 GC heap after
{Heap after GC invocations=2 (full 0):
 garbage-first heap   total 258048K, used 18144K [0x0000000080000000, 0x0000000100000000)
  region size 1024K, 11 young (11264K), 11 survivors (11264K)
 Metaspace       used 20669K, capacity 21091K, committed 21248K, reserved 1067008K
  class space    used 2515K, capacity 2697K, committed 2816K, reserved 1048576K
}
Event: 3.525 GC heap before
{Heap before GC invocations=3 (full 0):
 garbage-first heap   total 258048K, used 75488K [0x0000000080000000, 0x0000000100000000)
  region size 1024K, 67 young (68608K), 11 survivors (11264K)
 Metaspace       used 25774K, capacity 26381K, committed 26624K, reserved 1073152K
  class space    used 3352K, capacity 3572K, committed 3584K, reserved 1048576K
}
Event: 3.530 GC heap after
{Heap after GC invocations=4 (full 0):
 garbage-first heap   total 258048K, used 20089K [0x0000000080000000, 0x0000000100000000)
  region size 1024K, 3 young (3072K), 3 survivors (3072K)
 Metaspace       used 25774K, capacity 26381K, committed 26624K, reserved 1073152K
  class space    used 3352K, capacity 3572K, committed 3584K, reserved 1048576K
}
Event: 4.168 GC heap before
{Heap before GC invocations=4 (full 0):
 garbage-first heap   total 258048K, used 112249K [0x0000000080000000, 0x0000000100000000)
  region size 1024K, 89 young (91136K), 3 survivors (3072K)
 Metaspace       used 34793K, capacity 35743K, committed 35840K, reserved 1079296K
  class space    used 4637K, capacity 5037K, committed 5120K, reserved 1048576K
}
Event: 4.172 GC heap after
{Heap after GC invocations=5 (full 0):
 garbage-first heap   total 258048K, used 29183K [0x0000000080000000, 0x0000000100000000)
  region size 1024K, 7 young (7168K), 7 survivors (7168K)
 Metaspace       used 34793K, capacity 35743K, committed 35840K, reserved 1079296K
  class space    used 4637K, capacity 5037K, committed 5120K, reserved 1048576K
}

Deoptimization events (10 events):
Event: 4.158 Thread 0x0000029e936ec000 Uncommon trap: reason=unstable_if action=reinterpret pc=0x0000029e87af26e0 method=java.io.WinNTFileSystem.isSlash(C)Z @ 9 c2
Event: 4.427 Thread 0x0000029e936ec000 Uncommon trap: reason=unstable_if action=reinterpret pc=0x0000029e87be1694 method=jdk.internal.org.objectweb.asm.Type.getArgumentsAndReturnSizes(Ljava/lang/String;)I @ 130 c2
Event: 4.428 Thread 0x0000029e936ec000 Uncommon trap: reason=unstable_if action=reinterpret pc=0x0000029e87bdeb28 method=jdk.internal.org.objectweb.asm.Type.getArgumentsAndReturnSizes(Ljava/lang/String;)I @ 130 c2
Event: 4.431 Thread 0x0000029e936ec000 Uncommon trap: reason=unstable_if action=reinterpret pc=0x0000029e87b7a824 method=jdk.internal.loader.URLClassPath$JarLoader.getResource(Ljava/lang/String;ZLjava/util/Set;)Ljdk/internal/loader/Resource; @ 17 c2
Event: 4.473 Thread 0x0000029e936ec000 Uncommon trap: reason=unstable_if action=reinterpret pc=0x0000029e87c01638 method=java.lang.ClassLoader.getClassLoadingLock(Ljava/lang/String;)Ljava/lang/Object; @ 6 c2
Event: 4.474 Thread 0x0000029e936ec000 Uncommon trap: reason=unstable_if action=reinterpret pc=0x0000029e87b90874 method=sun.nio.fs.WindowsPathParser.isSlash(C)Z @ 9 c2
Event: 4.474 Thread 0x0000029e936ec000 Uncommon trap: reason=unstable_if action=reinterpret pc=0x0000029e87af5e3c method=sun.nio.fs.WindowsPathParser.isSlash(C)Z @ 9 c2
Event: 4.505 Thread 0x0000029e936ec000 Uncommon trap: reason=unstable_if action=reinterpret pc=0x0000029e87bea834 method=java.lang.StringCoding.decode(Ljava/nio/charset/Charset;[BII)Ljava/lang/StringCoding$Result; @ 4 c2
Event: 4.915 Thread 0x0000029e936ec000 Uncommon trap: reason=unstable_if action=reinterpret pc=0x0000029e87be743c method=java.util.concurrent.ConcurrentHashMap.putVal(Ljava/lang/Object;Ljava/lang/Object;Z)Ljava/lang/Object; @ 245 c2
Event: 4.916 Thread 0x0000029e936ec000 Uncommon trap: reason=unstable_if action=reinterpret pc=0x0000029e87b9ee00 method=java.lang.CharacterDataLatin1.isWhitespace(I)Z @ 14 c2

Classes redefined (0 events):
No events

Internal exceptions (10 events):
Event: 4.772 Thread 0x0000029e936ec000 Exception <a 'java/lang/NoSuchMethodError'{0x000000008bda5d68}: java.lang.invoke.DelegatingMethodHandle$Holder.reinvoke_L(Ljava/lang/Object;Ljava/lang/Object;Ljava/lang/Object;JII)I> (0x000000008bda5d68) thrown at [./open/src/hotspot/share/interpreter/lin
Event: 4.772 Thread 0x0000029e936ec000 Exception <a 'java/lang/NoSuchMethodError'{0x000000008bdb3d60}: java.lang.invoke.DelegatingMethodHandle$Holder.reinvoke_L(Ljava/lang/Object;Ljava/lang/Object;Ljava/lang/Object;JJJ)I> (0x000000008bdb3d60) thrown at [./open/src/hotspot/share/interpreter/lin
Event: 4.773 Thread 0x0000029e936ec000 Exception <a 'java/lang/NoSuchMethodError'{0x000000008bdc21a8}: java.lang.invoke.DelegatingMethodHandle$Holder.reinvoke_L(Ljava/lang/Object;Ljava/lang/Object;Ljava/lang/Object;JLjava/lang/Object;Ljava/lang/Object;)I> (0x000000008bdc21a8) thrown at [./open
Event: 4.773 Thread 0x0000029e936ec000 Exception <a 'java/lang/NoSuchMethodError'{0x000000008bdd0750}: java.lang.invoke.DelegatingMethodHandle$Holder.reinvoke_L(Ljava/lang/Object;Ljava/lang/Object;Ljava/lang/Object;JLjava/lang/Object;)V> (0x000000008bdd0750) thrown at [./open/src/hotspot/share
Event: 4.773 Thread 0x0000029e936ec000 Exception <a 'java/lang/NoSuchMethodError'{0x000000008bdd8030}: java.lang.invoke.DirectMethodHandle$Holder.invokeSpecial(Ljava/lang/Object;Ljava/lang/Object;Ljava/lang/Object;Ljava/lang/Object;J)Ljava/lang/Object;> (0x000000008bdd8030) thrown at [./open/s
Event: 4.773 Thread 0x0000029e936ec000 Exception <a 'java/lang/NoSuchMethodError'{0x000000008bddc820}: java.lang.invoke.DelegatingMethodHandle$Holder.reinvoke_L(Ljava/lang/Object;Ljava/lang/Object;Ljava/lang/Object;J)Ljava/lang/Object;> (0x000000008bddc820) thrown at [./open/src/hotspot/share/
Event: 4.774 Thread 0x0000029e936ec000 Exception <a 'java/lang/NoSuchMethodError'{0x000000008bc193c8}: java.lang.invoke.Invokers$Holder.invoke_MT(Ljava/lang/Object;Ljava/lang/Object;Ljava/lang/Object;Ljava/lang/Object;)J> (0x000000008bc193c8) thrown at [./open/src/hotspot/share/interpreter/lin
Event: 4.774 Thread 0x0000029e936ec000 Exception <a 'java/lang/NoSuchMethodError'{0x000000008bc1d9a0}: java.lang.invoke.DelegatingMethodHandle$Holder.reinvoke_L(Ljava/lang/Object;Ljava/lang/Object;Ljava/lang/Object;)J> (0x000000008bc1d9a0) thrown at [./open/src/hotspot/share/interpreter/linkRe
Event: 4.775 Thread 0x0000029e936ec000 Exception <a 'java/lang/NoSuchMethodError'{0x000000008bc30d48}: java.lang.invoke.DelegatingMethodHandle$Holder.reinvoke_L(Ljava/lang/Object;Ljava/lang/Object;Ljava/lang/Object;JI)I> (0x000000008bc30d48) thrown at [./open/src/hotspot/share/interpreter/link
Event: 4.776 Thread 0x0000029e936ec000 Exception <a 'java/lang/NoSuchMethodError'{0x000000008bc49e10}: java.lang.invoke.Invokers$Holder.invokeExact_MT(Ljava/lang/Object;Ljava/lang/Object;JLjava/lang/Object;)Ljava/lang/Object;> (0x000000008bc49e10) thrown at [./open/src/hotspot/share/interprete

Events (10 events):
Event: 4.961 loading class org/jetbrains/org/objectweb/asm/Frame
Event: 4.961 loading class org/jetbrains/org/objectweb/asm/Frame done
Event: 4.961 loading class org/jetbrains/org/objectweb/asm/CurrentFrame
Event: 4.961 loading class org/jetbrains/org/objectweb/asm/CurrentFrame done
Event: 4.962 loading class org/jetbrains/org/objectweb/asm/MethodTooLargeException
Event: 4.962 loading class org/jetbrains/org/objectweb/asm/MethodTooLargeException done
Event: 4.963 loading class org/jetbrains/org/objectweb/asm/Label
Event: 4.963 loading class org/jetbrains/org/objectweb/asm/Label done
Event: 4.964 loading class kotlin/Unit
Event: 4.964 loading class kotlin/Unit done


Dynamic libraries:
0x00007ff73dff0000 - 0x00007ff73e000000 	C:\Program Files\Java\jdk-11\bin\java.exe
0x00007ffced690000 - 0x00007ffced8a7000 	C:\WINDOWS\SYSTEM32\ntdll.dll
0x00007ffcec690000 - 0x00007ffcec754000 	C:\WINDOWS\System32\KERNEL32.DLL
0x00007ffceac90000 - 0x00007ffceb037000 	C:\WINDOWS\System32\KERNELBASE.dll
0x00007ffceab70000 - 0x00007ffceac81000 	C:\WINDOWS\System32\ucrtbase.dll
0x00007ffccea60000 - 0x00007ffccea79000 	C:\Program Files\Java\jdk-11\bin\jli.dll
0x00007ffccea40000 - 0x00007ffccea5b000 	C:\Program Files\Java\jdk-11\bin\VCRUNTIME140.dll
0x00007ffcecca0000 - 0x00007ffcecd50000 	C:\WINDOWS\System32\ADVAPI32.dll
0x00007ffcec440000 - 0x00007ffcec4e7000 	C:\WINDOWS\System32\msvcrt.dll
0x00007ffceb4f0000 - 0x00007ffceb596000 	C:\WINDOWS\System32\sechost.dll
0x00007ffcec990000 - 0x00007ffcecaa7000 	C:\WINDOWS\System32\RPCRT4.dll
0x00007ffcecab0000 - 0x00007ffcecc5e000 	C:\WINDOWS\System32\USER32.dll
0x00007ffceaa80000 - 0x00007ffceaaa6000 	C:\WINDOWS\System32\win32u.dll
0x00007ffcda040000 - 0x00007ffcda2d3000 	C:\WINDOWS\WinSxS\amd64_microsoft.windows.common-controls_6595b64144ccf1df_6.0.22621.2506_none_270c5ae97388e100\COMCTL32.dll
0x00007ffcebee0000 - 0x00007ffcebf09000 	C:\WINDOWS\System32\GDI32.dll
0x00007ffceb2d0000 - 0x00007ffceb3e9000 	C:\WINDOWS\System32\gdi32full.dll
0x00007ffceb040000 - 0x00007ffceb0da000 	C:\WINDOWS\System32\msvcp_win.dll
0x00007ffce4030000 - 0x00007ffce403a000 	C:\WINDOWS\SYSTEM32\VERSION.dll
0x00007ffcecc60000 - 0x00007ffcecc91000 	C:\WINDOWS\System32\IMM32.DLL
0x00007ffce1ed0000 - 0x00007ffce1edc000 	C:\Program Files\Java\jdk-11\bin\vcruntime140_1.dll
0x00007ffc950d0000 - 0x00007ffc9515e000 	C:\Program Files\Java\jdk-11\bin\msvcp140.dll
0x00007ffc52a90000 - 0x00007ffc535fc000 	C:\Program Files\Java\jdk-11\bin\server\jvm.dll
0x00007ffcec3b0000 - 0x00007ffcec3b8000 	C:\WINDOWS\System32\PSAPI.DLL
0x00007ffcce2e0000 - 0x00007ffcce314000 	C:\WINDOWS\SYSTEM32\WINMM.dll
0x00007ffc7fed0000 - 0x00007ffc7fed9000 	C:\WINDOWS\SYSTEM32\WSOCK32.dll
0x00007ffcec3c0000 - 0x00007ffcec431000 	C:\WINDOWS\System32\WS2_32.dll
0x00007ffce9aa0000 - 0x00007ffce9ab8000 	C:\WINDOWS\SYSTEM32\kernel.appcore.dll
0x00007ffce1e00000 - 0x00007ffce1e10000 	C:\Program Files\Java\jdk-11\bin\verify.dll
0x00007ffce84e0000 - 0x00007ffce8713000 	C:\WINDOWS\SYSTEM32\DBGHELP.DLL
0x00007ffcec020000 - 0x00007ffcec3a9000 	C:\WINDOWS\System32\combase.dll
0x00007ffcebe00000 - 0x00007ffcebed7000 	C:\WINDOWS\System32\OLEAUT32.dll
0x00007ffce37c0000 - 0x00007ffce37f2000 	C:\WINDOWS\SYSTEM32\dbgcore.DLL
0x00007ffceb250000 - 0x00007ffceb2ca000 	C:\WINDOWS\System32\bcryptPrimitives.dll
0x00007ffcb43b0000 - 0x00007ffcb43d8000 	C:\Program Files\Java\jdk-11\bin\java.dll
0x00007ffcd5c10000 - 0x00007ffcd5c1a000 	C:\Program Files\Java\jdk-11\bin\jimage.dll
0x00007ffcb13c0000 - 0x00007ffcb13d7000 	C:\Program Files\Java\jdk-11\bin\zip.dll
0x00007ffceb5a0000 - 0x00007ffcebdf9000 	C:\WINDOWS\System32\SHELL32.dll
0x00007ffce8940000 - 0x00007ffce9234000 	C:\WINDOWS\SYSTEM32\windows.storage.dll
0x00007ffce8800000 - 0x00007ffce893e000 	C:\WINDOWS\SYSTEM32\wintypes.dll
0x00007ffceb3f0000 - 0x00007ffceb4e3000 	C:\WINDOWS\System32\SHCORE.dll
0x00007ffced270000 - 0x00007ffced2ce000 	C:\WINDOWS\System32\shlwapi.dll
0x00007ffcea940000 - 0x00007ffcea966000 	C:\WINDOWS\SYSTEM32\profapi.dll
0x00007ffcb13a0000 - 0x00007ffcb13b9000 	C:\Program Files\Java\jdk-11\bin\net.dll
0x00007ffce4be0000 - 0x00007ffce4d17000 	C:\WINDOWS\SYSTEM32\WINHTTP.dll
0x00007ffce9f80000 - 0x00007ffce9fe9000 	C:\WINDOWS\system32\mswsock.dll
0x00007ffcab1e0000 - 0x00007ffcab1f2000 	C:\Program Files\Java\jdk-11\bin\nio.dll
0x00007ffc4fca0000 - 0x00007ffc4fcc7000 	C:\Users\sithu\.gradle\native\68d5fa5c4cc2d200863cafc0d521ce42e7d3e7ee720ec0a83991735586a16f82\windows-amd64\native-platform.dll
0x00007ffc94f80000 - 0x00007ffc950c4000 	C:\Users\sithu\.gradle\native\e376f236ea51e6404a007f0833ffe2c6e607c4080706a723a18a27aeea778392\windows-amd64\native-platform-file-events.dll
0x00007ffccea10000 - 0x00007ffccea19000 	C:\Program Files\Java\jdk-11\bin\management.dll
0x00007ffcc9590000 - 0x00007ffcc959b000 	C:\Program Files\Java\jdk-11\bin\management_ext.dll
0x00007ffcea1d0000 - 0x00007ffcea1eb000 	C:\WINDOWS\SYSTEM32\CRYPTSP.dll
0x00007ffce9a60000 - 0x00007ffce9a95000 	C:\WINDOWS\system32\rsaenh.dll
0x00007ffcea070000 - 0x00007ffcea09c000 	C:\WINDOWS\SYSTEM32\USERENV.dll
0x00007ffcea3a0000 - 0x00007ffcea3c8000 	C:\WINDOWS\SYSTEM32\bcrypt.dll
0x00007ffcea1f0000 - 0x00007ffcea1fc000 	C:\WINDOWS\SYSTEM32\CRYPTBASE.dll
0x00007ffce9550000 - 0x00007ffce957d000 	C:\WINDOWS\SYSTEM32\IPHLPAPI.DLL
0x00007ffced520000 - 0x00007ffced529000 	C:\WINDOWS\System32\NSI.dll
0x00007ffce44f0000 - 0x00007ffce4509000 	C:\WINDOWS\SYSTEM32\dhcpcsvc6.DLL
0x00007ffce42b0000 - 0x00007ffce42cf000 	C:\WINDOWS\SYSTEM32\dhcpcsvc.DLL
0x00007ffce9580000 - 0x00007ffce9679000 	C:\WINDOWS\SYSTEM32\DNSAPI.dll

dbghelp: loaded successfully - version: 4.0.5 - missing functions: none
symbol engine: initialized successfully - sym options: 0x614 - pdb path: .;C:\Program Files\Java\jdk-11\bin;C:\WINDOWS\SYSTEM32;C:\WINDOWS\WinSxS\amd64_microsoft.windows.common-controls_6595b64144ccf1df_6.0.22621.2506_none_270c5ae97388e100;C:\Program Files\Java\jdk-11\bin\server;C:\Users\sithu\.gradle\native\68d5fa5c4cc2d200863cafc0d521ce42e7d3e7ee720ec0a83991735586a16f82\windows-amd64;C:\Users\sithu\.gradle\native\e376f236ea51e6404a007f0833ffe2c6e607c4080706a723a18a27aeea778392\windows-amd64

VM Arguments:
jvm_args: --add-opens=java.base/java.util=ALL-UNNAMED --add-opens=java.base/java.lang=ALL-UNNAMED --add-opens=java.base/java.lang.invoke=ALL-UNNAMED --add-opens=java.prefs/java.util.prefs=ALL-UNNAMED --add-opens=java.base/java.nio.charset=ALL-UNNAMED --add-opens=java.base/java.net=ALL-UNNAMED --add-opens=java.base/java.util.concurrent.atomic=ALL-UNNAMED -Xmx2048m -Dfile.encoding=UTF-8 -Duser.country=US -Duser.language=en -Duser.variant 
java_command: org.gradle.launcher.daemon.bootstrap.GradleDaemon 8.0
java_class_path (initial): C:\Users\sithu\.gradle\wrapper\dists\gradle-8.0-bin\ca5e32bp14vu59qr306oxotwh\gradle-8.0\lib\gradle-launcher-8.0.jar
Launcher Type: SUN_STANDARD

[Global flags]
     intx CICompilerCount                          = 4                                         {product} {ergonomic}
     uint ConcGCThreads                            = 3                                         {product} {ergonomic}
     uint G1ConcRefinementThreads                  = 10                                        {product} {ergonomic}
   size_t G1HeapRegionSize                         = 1048576                                   {product} {ergonomic}
    uintx GCDrainStackTargetSize                   = 64                                        {product} {ergonomic}
   size_t InitialHeapSize                          = 264241152                                 {product} {ergonomic}
   size_t MarkStackSize                            = 4194304                                   {product} {ergonomic}
   size_t MaxHeapSize                              = 2147483648                                {product} {command line}
   size_t MaxNewSize                               = 1287651328                                {product} {ergonomic}
   size_t MinHeapDeltaBytes                        = 1048576                                   {product} {ergonomic}
    uintx NonNMethodCodeHeapSize                   = 5836300                                {pd product} {ergonomic}
    uintx NonProfiledCodeHeapSize                  = 122910970                              {pd product} {ergonomic}
    uintx ProfiledCodeHeapSize                     = 122910970                              {pd product} {ergonomic}
    uintx ReservedCodeCacheSize                    = 251658240                              {pd product} {ergonomic}
     bool SegmentedCodeCache                       = true                                      {product} {ergonomic}
     bool UseCompressedClassPointers               = true                                 {lp64_product} {ergonomic}
     bool UseCompressedOops                        = true                                 {lp64_product} {ergonomic}
     bool UseG1GC                                  = true                                      {product} {ergonomic}
     bool UseLargePagesIndividualAllocation        = false                                  {pd product} {ergonomic}

Logging:
Log output configuration:
 #0: stdout all=warning uptime,level,tags
 #1: stderr all=off uptime,level,tags

Environment Variables:
JAVA_HOME=C:\Program Files\Java\jdk-11
PATH=C:\Python312\Scripts\;C:\Python312\;C:\Program Files\Common Files\Oracle\Java\javapath;C:\Windows\system32;C:\Windows;C:\Windows\System32\Wbem;C:\Windows\System32\WindowsPowerShell\v1.0\;C:\Windows\System32\OpenSSH\;C:\Program Files (x86)\NVIDIA Corporation\PhysX\Common;C:\Program Files\NVIDIA Corporation\NVIDIA NvDLISR;C:\WINDOWS\system32;C:\WINDOWS;C:\WINDOWS\System32\Wbem;C:\WINDOWS\System32\WindowsPowerShell\v1.0\;C:\WINDOWS\System32\OpenSSH\;%JAVA_HOME%;C:\Program Files\Git\cmd;C:\Program Files\Java\jdk-20\bin;C:\Program Files\dotnet\;C:\Program Files\Cloudflare\Cloudflare WARP\;C:\ProgramData\chocolatey\bin;C:\Program Files\Java\jdk-11\bin;C:\Users\sithu\AppData\Local\Android\Sdk\platform-tools;C:\Program Files\nodejs\node_modules\npm;C:\Program Files\nodejs\;C:\Users\sithu\AppData\Local\Microsoft\WindowsApps;C:\Users\sithu\AppData\Local\Programs\Microsoft VS Code\bin;C:\Users\sithu\AppData\Local\Android\Sdk\platforms;C:\Users\sithu\AppData\Roaming\npm
USERNAME=sithu
OS=Windows_NT
PROCESSOR_IDENTIFIER=Intel64 Family 6 Model 141 Stepping 1, GenuineIntel



---------------  S Y S T E M  ---------------

OS: Windows 11 , 64 bit Build 22621 (10.0.22621.2506)

CPU:total 12 (initial active 12) (6 cores per cpu, 2 threads per core) family 6 model 141 stepping 1 microcode 0x34, cmov, cx8, fxsr, mmx, sse, sse2, sse3, ssse3, sse4.1, sse4.2, popcnt, avx, avx2, aes, clmul, erms, 3dnowpref, lzcnt, ht, tsc, tscinvbit, bmi1, bmi2, adx, evex, sha, fma

Memory: 4k page, system-wide physical 16121M (270M free)
TotalPageFile size 33303M (AvailPageFile size 0M)
current process WorkingSet (physical memory assigned to process): 270M, peak: 270M
current process commit charge ("private bytes"): 443M, peak: 444M

vm_info: Java HotSpot(TM) 64-Bit Server VM (11.0.19+9-LTS-224) for windows-amd64 JRE (11.0.19+9-LTS-224), built on Mar 27 2023 08:48:55 by "mach5one" with MS VC++ 17.1 (VS2022)

END.
