#
# A fatal error has been detected by the Java Runtime Environment:
#
#  EXCEPTION_ACCESS_VIOLATION (0xc0000005) at pc=0x00007ffc4f20a663, pid=1672, tid=15964
#
# JRE version: Java(TM) SE Runtime Environment 18.9 (11.0.19+9) (build 11.0.19+9-LTS-224)
# Java VM: Java HotSpot(TM) 64-Bit Server VM 18.9 (11.0.19+9-LTS-224, mixed mode, tiered, compressed oops, g1 gc, windows-amd64)
# Problematic frame:
# V  [jvm.dll+0x38a663]
#
# No core dump will be written. Minidumps are not enabled by default on client versions of Windows
#
# If you would like to submit a bug report, please visit:
#   https://bugreport.java.com/bugreport/crash.jsp
#

---------------  S U M M A R Y ------------

Command Line: --add-opens=java.base/java.util=ALL-UNNAMED --add-opens=java.base/java.lang=ALL-UNNAMED --add-opens=java.base/java.lang.invoke=ALL-UNNAMED --add-opens=java.prefs/java.util.prefs=ALL-UNNAMED --add-opens=java.base/java.nio.charset=ALL-UNNAMED --add-opens=java.base/java.net=ALL-UNNAMED --add-opens=java.base/java.util.concurrent.atomic=ALL-UNNAMED -Xmx2048m -Dfile.encoding=UTF-8 -Duser.country=US -Duser.language=en -Duser.variant org.gradle.launcher.daemon.bootstrap.GradleDaemon 8.0

Host: 11th Gen Intel(R) Core(TM) i5-11400H @ 2.70GHz, 12 cores, 15G,  Windows 11 , 64 bit Build 22621 (10.0.22621.2506)
Time: Fri Oct 27 21:55:11 2023 Myanmar Standard Time elapsed time: 4245.559805 seconds (0d 1h 10m 45s)

---------------  T H R E A D  ---------------

Current thread (0x0000016d9010b000):  JavaThread "Unconstrained build operations Thread 69" [_thread_in_vm, id=15964, stack(0x0000000fc4400000,0x0000000fc4500000)]

Stack: [0x0000000fc4400000,0x0000000fc4500000],  sp=0x0000000fc44ff790,  free space=1021k
Native frames: (J=compiled Java code, j=interpreted, Vv=VM code, C=native code)
V  [jvm.dll+0x38a663]
V  [jvm.dll+0x65fd42]
V  [jvm.dll+0x38b38a]
V  [jvm.dll+0x38b617]
V  [jvm.dll+0x40234e]
V  [jvm.dll+0x766921]
V  [jvm.dll+0x75f2e4]
